2026-09-17 14:25:11,101 - JOB [inspect_46mb] | Action: detect_watermarks | Time: 2026-09-17T14:25:11.098853 | Details: {'total_pages': 576, 'candidates_found': 0, 'sampled': 12, 'warning': None}
2026-09-17 14:27:15,222 - JOB [test_detect_46mb] | Action: detect_watermarks | Time: 2026-09-17T14:27:15.221514 | Details: {'total_pages': 576, 'candidates_found': 1, 'sampled': 12, 'warning': None}
2026-09-17 14:27:46,897 - JOB [test_slice_job] | Action: watermark_remove_done | Time: 2026-09-17T14:27:46.897156 | Details: {'total_pages': 10, 'output_path': 'D:\\Coding\\compressor_remover\\backend\\temp\\cleaned_test_slice_job.pdf'}
2026-09-17 14:28:37,200 - JOB [b24e2d5f-8225-4197-8bbd-13e06df597ef] | Action: detect_watermarks | Time: 2026-09-17T14:28:37.200064 | Details: {'total_pages': 10, 'candidates_found': 0, 'sampled': 10, 'warning': None}
2026-09-17 14:28:37,421 - JOB [9df2dba1-761d-42f7-8af5-d901fa80dd5f] | Action: detect_watermarks | Time: 2026-09-17T14:28:37.420951 | Details: {'total_pages': 10, 'candidates_found': 1, 'sampled': 10, 'warning': None}
2026-09-17 14:28:37,503 - JOB [a5e77700-97cf-4e37-9318-2f57ebe05aae] | Action: watermark_remove_done | Time: 2026-09-17T14:28:37.503085 | Details: {'total_pages': 10, 'output_path': 'D:\\Coding\\compressor_remover\\backend\\temp\\cleaned_a5e77700-97cf-4e37-9318-2f57ebe05aae.pdf'}
2026-09-17 14:28:37,750 - JOB [e55523f8-b4d0-4ed2-a4a5-d43229d31809] | Action: detect_watermarks | Time: 2026-09-17T14:28:37.750810 | Details: {'total_pages': 10, 'candidates_found': 1, 'sampled': 10, 'warning': None}
2026-09-17 14:28:37,864 - JOB [b7f236c3-a72b-46cc-a557-b81e84ee688f] | Action: watermark_remove_done | Time: 2026-09-17T14:28:37.864372 | Details: {'total_pages': 10, 'output_path': 'D:\\Coding\\compressor_remover\\backend\\temp\\cleaned_b7f236c3-a72b-46cc-a557-b81e84ee688f.pdf'}
2026-09-17 14:28:38,617 - JOB [9a2e9485-08f4-4b5a-9dbb-63f0f1b238f4] | Action: detect_watermarks | Time: 2026-09-17T14:28:38.617634 | Details: {'total_pages': 500, 'candidates_found': 1, 'sampled': 12, 'warning': None}
2026-09-17 14:28:40,963 - JOB [7ea44bf3-345f-4993-bab6-3b2acb39e2b3] | Action: watermark_remove_done | Time: 2026-09-17T14:28:40.963386 | Details: {'total_pages': 500, 'output_path': 'D:\\Coding\\compressor_remover\\backend\\temp\\cleaned_7ea44bf3-345f-4993-bab6-3b2acb39e2b3.pdf'}
2026-09-17 14:30:18,926 - JOB [2b56d278-17d6-411e-89c4-123ccf2fd2fd] | Action: detect_watermarks | Time: 2026-09-17T14:30:18.926536 | Details: {'total_pages': 10, 'candidates_found': 0, 'sampled': 10, 'warning': None}
2026-09-17 14:30:19,199 - JOB [61a597dc-d9d8-41a0-8311-39691412a40c] | Action: detect_watermarks | Time: 2026-09-17T14:30:19.198987 | Details: {'total_pages': 10, 'candidates_found': 1, 'sampled': 10, 'warning': None}
2026-09-17 14:30:19,306 - JOB [a7eb9ee4-2845-4824-acd4-87f99d15071e] | Action: watermark_remove_done | Time: 2026-09-17T14:30:19.306158 | Details: {'total_pages': 10, 'output_path': 'D:\\Coding\\compressor_remover\\backend\\temp\\cleaned_a7eb9ee4-2845-4824-acd4-87f99d15071e.pdf'}
2026-09-17 14:30:19,602 - JOB [68f01034-e986-428a-85f8-1c06767e3cd2] | Action: detect_watermarks | Time: 2026-09-17T14:30:19.602420 | Details: {'total_pages': 10, 'candidates_found': 1, 'sampled': 10, 'warning': None}
2026-09-17 14:30:19,651 - JOB [c6db7395-7d1b-4e79-af33-db862c3021dc] | Action: watermark_remove_done | Time: 2026-09-17T14:30:19.651018 | Details: {'total_pages': 10, 'output_path': 'D:\\Coding\\compressor_remover\\backend\\temp\\cleaned_c6db7395-7d1b-4e79-af33-db862c3021dc.pdf'}
2026-09-17 14:30:19,978 - JOB [f762dc10-ec79-49e9-86e2-62e25bc63711] | Action: detect_watermarks | Time: 2026-09-17T14:30:19.978653 | Details: {'total_pages': 500, 'candidates_found': 1, 'sampled': 12, 'warning': None}
2026-09-17 14:30:22,839 - JOB [fc1b18c9-9beb-4cf8-a57b-c7978037525b] | Action: watermark_remove_done | Time: 2026-09-17T14:30:22.839111 | Details: {'total_pages': 500, 'output_path': 'D:\\Coding\\compressor_remover\\backend\\temp\\cleaned_fc1b18c9-9beb-4cf8-a57b-c7978037525b.pdf'}
2026-09-17 16:33:55,557 - JOB [9eaba4c0-998f-4fe7-b009-960fd70ab8c6] | Action: compress_start_fallback | Time: 2026-09-17T16:33:55.557637 | Details: {'level': 'low', 'orig_size_mb': 12.72, 'engine': 'pymupdf_fallback'}
2026-09-17 16:33:59,755 - JOB [9eaba4c0-998f-4fe7-b009-960fd70ab8c6] | Action: compress_done | Time: 2026-09-17T16:33:59.755352 | Details: {'level': 'low', 'orig_mb': 12.72, 'compressed_mb': 7.83, 'duration_sec': 4.27}
2026-09-17 16:34:00,002 - JOB [b27fb951-a110-4dec-bcef-ac0fbb038a6e] | Action: compress_start_fallback | Time: 2026-09-17T16:34:00.002294 | Details: {'level': 'medium', 'orig_size_mb': 12.72, 'engine': 'pymupdf_fallback'}
2026-09-17 16:34:03,350 - JOB [b27fb951-a110-4dec-bcef-ac0fbb038a6e] | Action: compress_done | Time: 2026-09-17T16:34:03.350724 | Details: {'level': 'medium', 'orig_mb': 12.72, 'compressed_mb': 4.18, 'duration_sec': 3.41}
2026-09-17 16:34:03,557 - JOB [5a94f6d5-b168-4a44-b750-74caea82eeca] | Action: compress_start_fallback | Time: 2026-09-17T16:34:03.557034 | Details: {'level': 'high', 'orig_size_mb': 12.72, 'engine': 'pymupdf_fallback'}
2026-09-17 16:34:07,296 - JOB [5a94f6d5-b168-4a44-b750-74caea82eeca] | Action: compress_done | Time: 2026-09-17T16:34:07.296651 | Details: {'level': 'high', 'orig_mb': 12.72, 'compressed_mb': 3.01, 'duration_sec': 3.8}
2026-09-17 16:34:19,952 - JOB [232dd7cc-bd40-4a42-a223-44fc09909ccd] | Action: detect_watermarks | Time: 2026-09-17T16:34:19.952568 | Details: {'total_pages': 10, 'candidates_found': 0, 'sampled': 10, 'warning': None}
2026-09-17 16:34:20,218 - JOB [3f2b642f-554d-4190-8fe3-08767aac4285] | Action: detect_watermarks | Time: 2026-09-17T16:34:20.218011 | Details: {'total_pages': 10, 'candidates_found': 1, 'sampled': 10, 'warning': None}
2026-09-17 16:34:20,355 - JOB [65cd001a-90c1-4f18-8207-a109e7b5af30] | Action: watermark_remove_done | Time: 2026-09-17T16:34:20.355100 | Details: {'total_pages': 10, 'output_path': 'D:\\Coding\\compressor_remover\\backend\\temp\\cleaned_65cd001a-90c1-4f18-8207-a109e7b5af30.pdf'}
2026-09-17 16:34:20,683 - JOB [0811b114-9fb7-4924-92ff-bf71ce961d9a] | Action: detect_watermarks | Time: 2026-09-17T16:34:20.683470 | Details: {'total_pages': 10, 'candidates_found': 1, 'sampled': 10, 'warning': None}
2026-09-17 16:34:20,727 - JOB [d0055b22-4662-4b3e-a1c9-a5a9e7b6a75c] | Action: watermark_remove_done | Time: 2026-09-17T16:34:20.727741 | Details: {'total_pages': 10, 'output_path': 'D:\\Coding\\compressor_remover\\backend\\temp\\cleaned_d0055b22-4662-4b3e-a1c9-a5a9e7b6a75c.pdf'}
2026-09-17 16:34:21,071 - JOB [a785a75f-272a-46a5-8b25-9eea58c40699] | Action: detect_watermarks | Time: 2026-09-17T16:34:21.071686 | Details: {'total_pages': 500, 'candidates_found': 1, 'sampled': 12, 'warning': None}
2026-09-17 16:34:23,985 - JOB [29908da9-5e97-40b5-a68c-abc15f88b19b] | Action: watermark_remove_done | Time: 2026-09-17T16:34:23.985715 | Details: {'total_pages': 500, 'output_path': 'D:\\Coding\\compressor_remover\\backend\\temp\\cleaned_29908da9-5e97-40b5-a68c-abc15f88b19b.pdf'}
2026-09-17 16:34:57,920 - JOB [full_46mb_job] | Action: detect_watermarks | Time: 2026-09-17T16:34:57.919660 | Details: {'total_pages': 576, 'candidates_found': 1, 'sampled': 12, 'warning': None}
2026-09-17 16:35:08,368 - JOB [full_46mb_job] | Action: watermark_remove_done | Time: 2026-09-17T16:35:08.368063 | Details: {'total_pages': 576, 'output_path': 'D:\\Coding\\compressor_remover\\backend\\temp\\cleaned_full_46mb_job.pdf'}
2026-09-17 16:35:48,441 - JOB [0ed427bb-d9ca-46b4-8090-753571a01315] | Action: compress_start_fallback | Time: 2026-09-17T16:35:48.441362 | Details: {'level': 'low', 'orig_size_mb': 12.72, 'engine': 'pymupdf_fallback'}
2026-09-17 16:35:52,855 - JOB [0ed427bb-d9ca-46b4-8090-753571a01315] | Action: compress_done | Time: 2026-09-17T16:35:52.855415 | Details: {'level': 'low', 'orig_mb': 12.72, 'compressed_mb': 7.83, 'duration_sec': 4.48}
2026-09-17 16:35:53,202 - JOB [00c5b0f0-9f46-41f5-a56e-379943f5d4ba] | Action: compress_start_fallback | Time: 2026-09-17T16:35:53.202808 | Details: {'level': 'medium', 'orig_size_mb': 12.72, 'engine': 'pymupdf_fallback'}
2026-09-17 16:35:56,949 - JOB [00c5b0f0-9f46-41f5-a56e-379943f5d4ba] | Action: compress_done | Time: 2026-09-17T16:35:56.949181 | Details: {'level': 'medium', 'orig_mb': 12.72, 'compressed_mb': 4.18, 'duration_sec': 3.84}
2026-09-17 16:35:57,260 - JOB [88ec7a42-12d5-419b-a1d0-331fc1258d2c] | Action: compress_start_fallback | Time: 2026-09-17T16:35:57.260334 | Details: {'level': 'high', 'orig_size_mb': 12.72, 'engine': 'pymupdf_fallback'}
2026-09-17 16:36:00,881 - JOB [88ec7a42-12d5-419b-a1d0-331fc1258d2c] | Action: compress_done | Time: 2026-09-17T16:36:00.881324 | Details: {'level': 'high', 'orig_mb': 12.72, 'compressed_mb': 3.01, 'duration_sec': 3.67}
2026-09-17 16:36:12,095 - JOB [3a359bf0-c78e-4580-b5bd-95d198594e1f] | Action: detect_watermarks | Time: 2026-09-17T16:36:12.095826 | Details: {'total_pages': 10, 'candidates_found': 0, 'sampled': 10, 'warning': None}
2026-09-17 16:36:12,338 - JOB [0da5c99f-02b4-4f87-a19e-cd106a272511] | Action: detect_watermarks | Time: 2026-09-17T16:36:12.338442 | Details: {'total_pages': 10, 'candidates_found': 1, 'sampled': 10, 'warning': None}
2026-09-17 16:36:12,456 - JOB [caed5716-adfb-4058-9932-e598ea23e17a] | Action: watermark_remove_done | Time: 2026-09-17T16:36:12.456563 | Details: {'total_pages': 10, 'output_path': 'D:\\Coding\\compressor_remover\\backend\\temp\\cleaned_caed5716-adfb-4058-9932-e598ea23e17a.pdf'}
2026-09-17 16:36:12,730 - JOB [87b0e881-190c-4fb6-96ba-c7de644fbe43] | Action: detect_watermarks | Time: 2026-09-17T16:36:12.730352 | Details: {'total_pages': 10, 'candidates_found': 1, 'sampled': 10, 'warning': None}
2026-09-17 16:36:12,771 - JOB [bd14ca6f-5d0b-4d19-b5c6-2140965657bb] | Action: watermark_remove_done | Time: 2026-09-17T16:36:12.771654 | Details: {'total_pages': 10, 'output_path': 'D:\\Coding\\compressor_remover\\backend\\temp\\cleaned_bd14ca6f-5d0b-4d19-b5c6-2140965657bb.pdf'}
2026-09-17 16:36:13,053 - JOB [7c1ce9cf-3059-4f81-adaa-45c8ca9dec15] | Action: detect_watermarks | Time: 2026-09-17T16:36:13.053077 | Details: {'total_pages': 500, 'candidates_found': 1, 'sampled': 12, 'warning': None}
2026-09-17 16:36:15,527 - JOB [4e6aade3-f4f0-40e3-920b-6d551ff2b10b] | Action: watermark_remove_done | Time: 2026-09-17T16:36:15.527571 | Details: {'total_pages': 500, 'output_path': 'D:\\Coding\\compressor_remover\\backend\\temp\\cleaned_4e6aade3-f4f0-40e3-920b-6d551ff2b10b.pdf'}
2026-09-17 17:09:25,379 - JOB [01e5b078-6a4a-4bf7-84e9-adbe57c9a87e] | Action: detect_watermarks | Time: 2026-09-17T17:09:25.375466 | Details: {'total_pages': 576, 'candidates_found': 1, 'sampled': 12, 'warning': None}
2026-09-17 17:10:34,118 - JOB [2c5004c6-066f-4440-b73d-1393ae0a959e] | Action: watermark_remove_done | Time: 2026-09-17T17:10:34.118174 | Details: {'total_pages': 576, 'output_path': 'D:\\Coding\\compressor_remover\\backend\\temp\\cleaned_2c5004c6-066f-4440-b73d-1393ae0a959e.pdf'}
2026-09-17 18:20:24,812 - JOB [6bacc717-e9c9-44e1-ba24-2d095b2e1d3c] | Action: compress_start_fallback | Time: 2026-09-17T18:20:24.812771 | Details: {'level': 'medium', 'orig_size_mb': 43.96, 'engine': 'pymupdf_fallback'}
2026-09-17 18:21:21,905 - JOB [6bacc717-e9c9-44e1-ba24-2d095b2e1d3c] | Action: compress_done | Time: 2026-09-17T18:21:21.905072 | Details: {'level': 'medium', 'orig_mb': 43.96, 'compressed_mb': 51.36, 'duration_sec': 57.14}
